nohup: ignoring input
  ScheduledLQR: 9/9 속도점 유효

========================================================================
  MC 재판정 — 제어기 hybrid_fb / RTK EKF (σ=0.02m) / 10회
  센서: 10Hz, 지연 0ms, 결측 0%
========================================================================

  [ 1/10] z=   4.469  감속=   2.152  max_dz=   5.56  |ω|=  1.90  ok      전환 1 [47s]
  [ 2/10] z=   2.748  감속=   2.319  max_dz=   5.98  |ω|= 16.37  ok      전환 1 [119s]
  [ 3/10] z=   4.428  감속=   2.148  max_dz=   5.55  |ω|=  1.90  ok      전환 1 [38s]
  [ 4/10] z=   2.487  감속=   1.781  max_dz=   4.67  |ω|= 16.70  ok      전환 1 [121s]
  [ 5/10] z=   2.395  감속=   1.572  max_dz=   4.18  |ω|= 16.58  ok      전환 1 [131s]
  [ 6/10] z=   2.753  감속=   2.325  max_dz=   6.00  |ω|= 16.18  ok      전환 1 [109s]
  [ 7/10] z=   2.452  감속=   1.689  max_dz=   4.45  |ω|= 16.55  ok      전환 1 [126s]
  [ 8/10] z=   2.500  감속=   1.812  max_dz=   4.74  |ω|= 16.76  ok      전환 1 [126s]
  [ 9/10] z=   2.505  감속=   1.825  max_dz=   4.77  |ω|= 16.50  ok      전환 1 [124s]
  [10/10] z=   2.307  감속=   1.385  max_dz=   3.74  |ω|= 16.36  ok      전환 1 [127s]

------------------------------------------------------------------------
  요약 [hybrid_fb_ekf]  완주 10/10, 실기판정 FAIL 0/10
  RMSE z    평균 2.904  std 0.783  최소 2.307  최대 4.469
  감속 max_dz  중앙 4.75m  P90 5.98m  최악 6.00m
  5m+ 고도이탈 발생률 40%  (구간발산 포함)
  폴백 전환  10/10회 시행에서 발생 (평균 1.0회/시행)
------------------------------------------------------------------------

  [저장] results/sweep_mc_hybrid_fb_ekf.csv
  총 소요 17.8분

