nohup: ignoring input

====================================================================================================
  과제 3 — 센서 조건 격자  (16조건 × 3제어기 = 48런)
  초기조건·돌풍 고정(수직 10m/s @ t=35s), 센서 시드 고정 — 조건 효과만 분리
====================================================================================================

      제어기               조건      전체 z      순항 z      감속 z     감속 dz    추정 pos   |ω|max     결측률     판정
  --------------------------------------------------------------------------------------------------
  ScheduledLQR: 9/9 속도점 유효
      lqr         참값(센서없음)     4.437     0.262     2.099      5.43         -     1.86       -     ok
      lqr           RTK 기준     4.429     0.259     2.095      5.42     0.060     1.85   0.000     ok
      lqr          잡음 0.2m     4.440     0.207     2.080      5.38     0.081     1.86   0.000     ok
      lqr          잡음 1.5m     4.540     0.227     1.920      5.02     0.446     1.98   0.000     ok
      lqr          잡음 3.0m     4.612     0.600     1.774      4.67     0.877     2.06   0.000     ok
      lqr             20Hz     4.439     0.263     2.100      5.43     0.052     1.87   0.000     ok
      lqr              5Hz     4.443     0.252     2.119      5.47     0.077     1.87   0.000     ok
      lqr              1Hz     4.430     0.259     2.102      5.43     0.154     1.87   0.000     ok
      lqr          지연 50ms     4.516     0.263     2.133      5.52     1.990     2.11   0.000     ok
      lqr         지연 100ms     4.698     0.260     2.170      5.61     3.949     2.37   0.000     ok
      lqr         지연 200ms  1021.617       inf       inf       inf    13.699   513.58   0.000  ωFAIL
      lqr            결측 5%     4.442     0.257     2.099      5.42     0.061     1.87   0.046     ok
      lqr           결측 10%     4.438     0.261     2.095      5.42     0.061     1.87   0.100     ok
      lqr           결측 20%     4.433     0.259     2.094      5.42     0.061     1.86   0.200     ok
      lqr   1.5m+5Hz+100ms     4.771     0.234     2.187      5.67     4.030     2.23   0.000     ok
      lqr     1.5m+5Hz+20%     4.366     0.315     1.950      5.13     0.756     1.88   0.194     ok
      lqr            최악 복합     6.143     1.062     1.581      3.99     8.233     3.09   0.262     ok
   hybrid         참값(센서없음)     1.633     0.034     0.597      2.52         -    62.08       -   FAIL
   hybrid           RTK 기준     1.727     0.116     1.314      3.93     0.064    71.68   0.000  ωFAIL
   hybrid          잡음 0.2m     1.988     2.316     0.640      2.95     0.084    52.13   0.000  ωFAIL
   hybrid          잡음 1.5m     1.749     0.742     0.231      0.67     0.455    58.24   0.000  ωFAIL
   hybrid          잡음 3.0m     4.081     7.570     0.418      0.94     0.874    69.86   0.000  ωFAIL
   hybrid             20Hz     1.744     0.157     1.404      3.63     0.056    75.05   0.000  ωFAIL
   hybrid              5Hz     1.809     0.137     1.727      4.81     0.081    82.16   0.000  ωFAIL
   hybrid              1Hz     1.616     0.285     0.340      0.52     0.155    62.96   0.000  ωFAIL
   hybrid          지연 50ms    22.044       inf       inf       inf     2.197    85.63   0.000  ωFAIL
   hybrid         지연 100ms     3.970     5.968     4.927     18.51     4.398   102.06   0.000  ωFAIL
   hybrid         지연 200ms     1.769     2.603     0.723      2.05     8.965    80.55   0.000  ωFAIL
   hybrid            결측 5%     2.273     0.096     3.344      9.82     0.065    59.88   0.046  ωFAIL
   hybrid           결측 10%     1.668     0.354     0.865      3.22     0.064    71.25   0.100  ωFAIL
   hybrid           결측 20%     3.482     6.389     0.734      3.59     0.064    79.89   0.200  ωFAIL
   hybrid   1.5m+5Hz+100ms     1.710     1.598     0.565      1.14     4.563    57.24   0.000  ωFAIL
   hybrid     1.5m+5Hz+20%     9.403    17.369     8.373     20.10     0.794    78.20   0.194  ωFAIL
   hybrid            최악 복합     6.039     9.947     3.471      6.59    11.863    69.36   0.262  ωFAIL
  ScheduledLQR: 9/9 속도점 유효
  hybrid_fb         참값(센서없음)     2.676     0.034     2.132      5.46         -    15.54       -     ok
  hybrid_fb           RTK 기준     2.457     0.376     1.707      4.50     0.064    16.52   0.000     ok
  hybrid_fb          잡음 0.2m     2.742     0.224     2.277      5.88     0.083    16.39   0.000     ok
  hybrid_fb          잡음 1.5m     2.909     0.472     2.309      6.00     0.448    16.26   0.000     ok
  hybrid_fb          잡음 3.0m     3.021     0.643     2.097      5.47     0.875    16.64   0.000     ok
  hybrid_fb             20Hz     2.464     0.373     1.729      4.55     0.056    16.69   0.000     ok
  hybrid_fb              5Hz     2.453     0.379     1.721      4.52     0.080    16.62   0.000     ok
  hybrid_fb              1Hz     2.791     0.272     2.391      6.16     0.155    16.41   0.000     ok
  hybrid_fb          지연 50ms     2.675     0.394     1.680      4.46     2.269    16.42   0.000     ok
  hybrid_fb         지연 100ms     3.001     0.432     1.635      4.38     4.487    16.46   0.000     ok
  hybrid_fb         지연 200ms     4.063     0.534     1.603      4.32     8.920    16.57   0.000     ok
  hybrid_fb            결측 5%     2.461     0.381     1.714      4.51     0.064    16.69   0.046     ok
  hybrid_fb           결측 10%     2.484     0.361     1.764      4.63     0.065    16.66   0.100     ok
  hybrid_fb           결측 20%     2.452     0.382     1.703      4.49     0.065    16.54   0.200     ok
  hybrid_fb   1.5m+5Hz+100ms     3.381     0.299     2.559      6.58     4.464    16.79   0.000     ok
  hybrid_fb     1.5m+5Hz+20%     2.832     0.358     2.417      6.27     0.737    16.37   0.194     ok
  hybrid_fb            최악 복합     5.699     0.991     1.611      4.07     8.229     3.93   0.262     ok

------------------------------------------------------------------------
  조건별 제어기 순위 (RMSE z 기준, 낮을수록 좋음)
------------------------------------------------------------------------
                조건        lqr     hybrid  hybrid_fb   승자
                참값      4.437      1.633      2.676   hybrid
            RTK 기준      4.429      1.727      2.457   hybrid
           잡음 0.2m      4.440      1.988      2.742   hybrid
           잡음 1.5m      4.540      1.749      2.909   hybrid
           잡음 3.0m      4.612      4.081      3.021   hybrid_fb ← 역전!
              20Hz      4.439      1.744      2.464   hybrid ← 역전!
               5Hz      4.443      1.809      2.453   hybrid
               1Hz      4.430      1.616      2.791   hybrid
           지연 50ms      4.516     22.044      2.675   hybrid_fb ← 역전!
          지연 100ms      4.698      3.970      3.001   hybrid_fb
          지연 200ms   1021.617      1.769      4.063   hybrid ← 역전!
             결측 5%      4.442      2.273      2.461   hybrid
            결측 10%      4.438      1.668      2.484   hybrid
            결측 20%      4.433      3.482      2.452   hybrid_fb ← 역전!
    1.5m+5Hz+100ms      4.771      1.710      3.381   hybrid ← 역전!
      1.5m+5Hz+20%      4.366      9.403      2.832   hybrid_fb ← 역전!
             최악 복합      6.143      6.039      5.699   hybrid_fb
------------------------------------------------------------------------

  [저장] results/sweep_grid_full.csv
  총 소요 94.9분

