nohup: ignoring input

==========================================================================================
  NMPC+INDI 하이브리드 — 나이브 vs 인터페이스 분리
==========================================================================================

[준비]
  70 m/s 트림: T_trim=116.5N (mg=78.5N)
  ScheduledLQR: 9/9 속도점 유효

══════════════════════════════════════════════════════════════════════════════════════════
  정확 (C_Na=6.0)
══════════════════════════════════════════════════════════════════════════════════════════

  ── 순항 5s ──
    NMPC... 20.4s  z=0.007  Δz=0.02
    나이브... 21.9s  z=0.007  Δz=0.02
    분리... 10.7s  z=0.007  Δz=0.01
    LQR스케줄... 1.5s  z=0.000  Δz=0.00

                      NMPC         나이브          분리      LQR스케줄
    ──────────────────────────────────────────────────────
        RMSE z       0.007       0.007       0.007       0.000
        Δz max        0.02        0.02        0.01        0.00
       RMSE vx       0.003       0.003       0.001       0.000

  ── 순항+돌풍 8s ──
    NMPC... 33.7s  z=0.092  Δz=0.32
    나이브... 30.3s  z=0.319  Δz=0.87
    분리... 14.9s  z=0.054  Δz=0.17
    LQR스케줄... 2.1s  z=0.064  Δz=0.26

                      NMPC         나이브          분리      LQR스케줄
    ──────────────────────────────────────────────────────
        RMSE z       0.092       0.319       0.054       0.064
        Δz max        0.32        0.87        0.17        0.26
       RMSE vx       0.199       0.203       0.015       0.161

══════════════════════════════════════════════════════════════════════════════════════════
  C_Na+20% (C_Na=7.2)
══════════════════════════════════════════════════════════════════════════════════════════

  ── 순항 5s ──
    NMPC... 18.8s  z=0.036  Δz=0.06
    나이브... 21.9s  z=0.185  Δz=0.23
    분리... 10.6s  z=0.025  Δz=0.03
    LQR스케줄... 1.4s  z=0.064  Δz=0.08

                      NMPC         나이브          분리      LQR스케줄
    ──────────────────────────────────────────────────────
        RMSE z       0.036       0.185       0.025       0.064
        Δz max        0.06        0.23        0.03        0.08
       RMSE vx       0.234       0.110       0.002       0.266

  ── 순항+돌풍 8s ──
    NMPC... 29.8s  z=0.080  Δz=0.29
    나이브... 30.4s  z=0.264  Δz=0.70
    분리... 15.0s  z=0.049  Δz=0.16
    LQR스케줄... 2.1s  z=0.100  Δz=0.33

                      NMPC         나이브          분리      LQR스케줄
    ──────────────────────────────────────────────────────
        RMSE z       0.080       0.264       0.049       0.100
        Δz max        0.29        0.70        0.16        0.33
       RMSE vx       0.172       0.089       0.016       0.419

══════════════════════════════════════════════════════════════════════════════════════════
  C_Na-20% (C_Na=4.8)
══════════════════════════════════════════════════════════════════════════════════════════

  ── 순항 5s ──
    NMPC... 18.7s  z=0.030  Δz=0.05
    나이브... 19.0s  z=0.207  Δz=0.25
    분리... 9.4s  z=0.040  Δz=0.04
    LQR스케줄... 1.3s  z=0.087  Δz=0.11

                      NMPC         나이브          분리      LQR스케줄
    ──────────────────────────────────────────────────────
        RMSE z       0.030       0.207       0.040       0.087
        Δz max        0.05        0.25        0.04        0.11
       RMSE vx       0.299       0.138       0.003       0.335

  ── 순항+돌풍 8s ──
    NMPC... 29.5s  z=0.112  Δz=0.34
    나이브... 30.3s  z=0.472  Δz=1.06
    분리... 14.9s  z=0.072  Δz=0.19
    LQR스케줄... 2.0s  z=0.107  Δz=0.25

                      NMPC         나이브          분리      LQR스케줄
    ──────────────────────────────────────────────────────
        RMSE z       0.112       0.472       0.072       0.107
        Δz max        0.34        1.06        0.19        0.25
       RMSE vx       0.512       0.388       0.013       0.387

══════════════════════════════════════════════════════════════════════════════════════════
  [종합] 나이브 vs 인터페이스 분리 — RMSE z
══════════════════════════════════════════════════════════════════════════════════════════

                조건          시나리오        NMPC         나이브          분리      LQR스케줄
  ────────────────────────────────────────────────────────────────────────
                정확         순항 5s       0.007       0.007       0.007       0.000
                정확      순항+돌풍 8s       0.092       0.319       0.054       0.064
          C_Na+20%         순항 5s       0.036       0.185       0.025       0.064
          C_Na+20%      순항+돌풍 8s       0.080       0.264       0.049       0.100
          C_Na-20%         순항 5s       0.030       0.207       0.040       0.087
          C_Na-20%      순항+돌풍 8s       0.112       0.472       0.072       0.107

──────────────────────────────────────────────────────────────────────────────────────────
  분석:

  정확, 순항 5s:
    NMPC:      0.007
    나이브:    0.007 (OK)
    분리:      0.007 (NMPC급)
    LQR스케줄: 0.000

  정확, 순항+돌풍 8s:
    NMPC:      0.092
    나이브:    0.319 (악화)
    분리:      0.054 (개선!)
    LQR스케줄: 0.064

  C_Na+20%, 순항 5s:
    NMPC:      0.036
    나이브:    0.185 (악화)
    분리:      0.025 (개선!)
    LQR스케줄: 0.064

  C_Na+20%, 순항+돌풍 8s:
    NMPC:      0.080
    나이브:    0.264 (악화)
    분리:      0.049 (개선!)
    LQR스케줄: 0.100

  C_Na-20%, 순항 5s:
    NMPC:      0.030
    나이브:    0.207 (악화)
    분리:      0.040 (악화)
    LQR스케줄: 0.087

  C_Na-20%, 순항+돌풍 8s:
    NMPC:      0.112
    나이브:    0.472 (악화)
    분리:      0.072 (개선!)
    LQR스케줄: 0.107

  결론:
  - 나이브: 이중 보정으로 NMPC보다 악화 (재확인)
  - 분리: 인터페이스를 [T, ω̇]로 명확히 나누면 이중 보정 해소
  - 핵심 설계 원칙: '뭘 할지'(NMPC)와 '어떻게 할지'(INDI)를 분리
══════════════════════════════════════════════════════════════════════════════════════════

==========================================================================================
  [3] 돌풍 외란 비교 — 70 m/s 순항 + 1-cosine 돌풍
==========================================================================================
  순항 속도: 70.0 m/s,  돌풍: 10.0 m/s 1-cosine,  t=2.0s~3.0s

[준비]
  70 m/s 트림: θ=-4.9°, α=-4.9°, 잔차=1.2e-09
  ScheduledLQR: 9/9 속도점 유효

──────────────────────────────────────────────────────────────────────────────────────────
  측풍 (y) 10 m/s
  1-cosine, t=2.0~3.0s, 최대=10.0 m/s
──────────────────────────────────────────────────────────────────────────────────────────
       PID고정... 2.3s  Δz=1.28m  Δvx=1.27m/s  회복=6.00s
      PID스케줄... 2.3s  Δz=1.18m  Δvx=1.53m/s  회복=6.00s
       LQR고정... 0.9s  Δz=0.05m  Δvx=0.91m/s  회복=0.00s
      LQR스케줄... 2.0s  Δz=0.05m  Δvx=0.80m/s  회복=0.00s
        NMPC... 28.8s  Δz=0.10m  Δvx=0.36m/s  회복=0.00s
        INDI... 2.5s  Δz=1.04m  Δvx=1.09m/s  회복=6.00s

              지표       PID고정      PID스케줄       LQR고정      LQR스케줄        NMPC        INDI
  ────────────────────────────────────────────────────────────────────
       최대 Δz [m]        1.28        1.18        0.05        0.05        0.10        1.04
       최대 Δy [m]       2.098       2.264       0.214       0.382       0.424       2.125
          최대 Δvx        1.27        1.53        0.91        0.80        0.36        1.09
      최대 ω [r/s]        0.31        0.27        1.20        1.27        1.65        0.35
       회복 시간 [s]        6.00        6.00        0.00        0.00        0.00        6.00
         RMSE vx       1.143       1.337       0.753       0.670       0.259       1.014
          RMSE z       1.089       1.011       0.028       0.028       0.063       0.822
            SAT%         0.0         0.0         0.0         0.0         0.0         0.0

──────────────────────────────────────────────────────────────────────────────────────────
  수직돌풍 (z) 10 m/s
  1-cosine, t=2.0~3.0s, 최대=10.0 m/s
──────────────────────────────────────────────────────────────────────────────────────────
       PID고정... 2.2s  Δz=1.16m  Δvx=1.25m/s  회복=6.00s
      PID스케줄... 2.3s  Δz=1.12m  Δvx=1.49m/s  회복=6.00s
       LQR고정... 0.9s  Δz=0.29m  Δvx=0.45m/s  회복=0.00s
      LQR스케줄... 2.0s  Δz=0.26m  Δvx=0.41m/s  회복=0.00s
        NMPC... 29.1s  Δz=0.32m  Δvx=0.48m/s  회복=0.00s
        INDI... 2.4s  Δz=0.94m  Δvx=1.07m/s  회복=6.00s

              지표       PID고정      PID스케줄       LQR고정      LQR스케줄        NMPC        INDI
  ────────────────────────────────────────────────────────────────────
       최대 Δz [m]        1.16        1.12        0.29        0.26        0.32        0.94
       최대 Δy [m]       0.000       0.000       0.000       0.000       0.000       0.000
          최대 Δvx        1.25        1.49        0.45        0.41        0.48        1.07
      최대 ω [r/s]        0.05        0.07        0.87        1.07        0.88        0.04
       회복 시간 [s]        6.00        6.00        0.00        0.00        0.00        6.00
         RMSE vx       1.074       1.258       0.225       0.185       0.230       0.956
          RMSE z       0.937       0.888       0.082       0.073       0.106       0.715
            SAT%         0.0         0.0         0.0         0.0         0.0         0.0

==========================================================================================
  [종합] 돌풍 응답 비교
==========================================================================================

                               PID고정      PID스케줄       LQR고정      LQR스케줄        NMPC        INDI
  ────────────────────────────────────────────────────────────────────────────────────────
  측풍 (y) 10 m/s
               최대 Δz [m]        1.28        1.18        0.05        0.05        0.10        1.04
                  최대 Δvx        1.27        1.53        0.91        0.80        0.36        1.09
                  회복 [s]        6.00        6.00        0.00        0.00        0.00        6.00
                  RMSE z       1.089       1.011       0.028       0.028       0.063       0.822
  수직돌풍 (z) 10 m/s
               최대 Δz [m]        1.16        1.12        0.29        0.26        0.32        0.94
                  최대 Δvx        1.25        1.49        0.45        0.41        0.48        1.07
                  회복 [s]        6.00        6.00        0.00        0.00        0.00        6.00
                  RMSE z       0.937       0.888       0.082       0.073       0.106       0.715

──────────────────────────────────────────────────────────────────────────────────────────
  분석:

  측풍 (y) 10 m/s:
    최빠른 회복: LQR고정 (0.00s)
    최소 Δz:     LQR고정 (0.05m) — NMPC(0.10m)보다 작음

  수직돌풍 (z) 10 m/s:
    최빠른 회복: LQR고정 (0.00s)
    최소 Δz:     LQR스케줄 (0.26m) — NMPC(0.32m)보다 작음

  핵심:
  - 예측 불가 외란: NMPC의 '예측' 장점이 무력화됨
    (NMPC 내부 모델에 바람이 없으므로 돌풍을 예측 못 함)
  - 고전제어의 즉각 피드백이 대등하거나 우수할 수 있음
  - 빠른 외란 억제가 목표면 → INDI(센서 기반 증분 제어) 필요
  - NMPC의 진짜 강점은 '예측 가능한' 상황 (자세천이, 가속, 제약)
==========================================================================================
platform: Linux-7.0.0-30-generic-x86_64-with-glibc2.39 / x86_64
python 3.12.3, casadi 3.8.0, numpy 2.5.2

[startup 비용 (1회성)]
  AxialDronePlant build:             0.01 s
  find_trim(70) (플랜트 재빌드 포함):   0.02 s
  LQRController build (선형화+ARE):    0.01 s
  ScheduledLQR: 9/9 속도점 유효
  ScheduledLQR build (9x 트림+ARE):    0.26 s

[per-call 비용]  (시뮬 1kHz 루프 예산 = 1000 us/step)
  plant.step (RK4 1ms)                          116.0 us
  CascadedPID.__call__                          198.5 us
  LQRController.__call__                         19.3 us
  ScheduledLQR.__call__ (np.interp 77회)         156.1 us
  INDIController.__call__                       199.4 us
  ProperHybrid INDI-경로 (NMPC 캐시시)                67.5 us

[NMPC 솔브 시간]  (오프라인 예산 20ms, SITL 예산 100ms)
  NMPC 17D N=20 max_iter=30 (오프라인 설정)
    cold   383.3 ms | warm 중앙값   68.1 ms | p95   71.5 ms | iter 중앙값 5 | 함수평가 비중 84%
  VirtualNMPC 13D N=20 max_iter=30 (오프라인 설정)
    cold    45.1 ms | warm 중앙값   31.0 ms | p95   36.7 ms | iter 중앙값 5 | 함수평가 비중 76%
  VirtualNMPC 13D N=20 max_iter=5 (SITL 설정)
    cold    33.3 ms | warm 중앙값   31.2 ms | p95   32.1 ms | iter 중앙값 5 | 함수평가 비중 76%
  VirtualNMPC 13D N=10 dt=0.1 (지평선 1s 유지)
    cold    54.2 ms | warm 중앙값   16.3 ms | p95   16.5 ms | iter 중앙값 5 | 함수평가 비중 70%

[미션 시뮬 스루풋]  1 시뮬-초당 벽시계 (1kHz: 플랜트+제어기, NMPC 50Hz)
  PID                   0.31 s/시뮬-초  (실시간의   0.3배 소요)
  ScheduledLQR          0.27 s/시뮬-초  (실시간의   0.3배 소요)
  INDI                  0.32 s/시뮬-초  (실시간의   0.3배 소요)
  Hybrid (50Hz솔브)       1.73 s/시뮬-초  (실시간의   1.7배 소요)
  NMPC17D (50Hz)        3.52 s/시뮬-초  (실시간의   3.5배 소요)

  65초 미션 1회(Hybrid) 추정: 1.9 분  /  MC 10회: 19 분
[준비] 트림 계산...
  70.0 m/s 트림: θ=-4.9°

===========================================================================
  [1] 표준 GPS (σ=1.5m) — 70 m/s 순항 + 수직돌풍 10 m/s
===========================================================================
  ScheduledLQR: 9/9 속도점 유효
      PID스케줄  참값 2.4s / EKF 4.3s
      LQR스케줄  참값 2.1s / EKF 4.0s
CasADi - 2026-08-31 18:08:03 WARNING("nmpc:nlp_g failed: NaN detected for output g, at (row 173, col 0).") [.../casadi/core/oracle_function.cpp:408]
CasADi - 2026-08-31 18:08:04 WARNING("nmpc:nlp_g failed: NaN detected for output g, at (row 173, col 0).") [.../casadi/core/oracle_function.cpp:408]
        NMPC  참값 28.3s / EKF 34.6s
        INDI  참값 3.5s / EKF 5.7s
      Hybrid  참값 19.3s / EKF 26.9s

         제어기      조건    RMSE z   RMSE vx      최대Δz      저하율z     추정err
  ────────────────────────────────────────────────────────────────────────
      PID스케줄      참값    0.7894    1.1289     1.121                    
      PID스케줄     EKF    2.8416    2.0045     5.968     +260%    0.643m
      LQR스케줄      참값    0.0636    0.1605     0.263                    
      LQR스케줄     EKF    0.3052    0.3268     0.494     +380%    0.641m
        NMPC      참값    0.0918    0.1991     0.315                    
        NMPC     EKF    0.2271    0.1705     0.351     +147%    0.640m
        INDI      참값    0.6406    0.8690     0.937                    
        INDI     EKF    4.1875    2.7074    10.377     +554%    0.641m
      Hybrid      참값    0.0539    0.0148     0.175                    
      Hybrid     EKF    0.6390    1.5342     1.605    +1086%    0.644m

===========================================================================
  [2] RTK GPS (σ=0.02m) — 70 m/s 순항 + 수직돌풍 10 m/s
===========================================================================
  ScheduledLQR: 9/9 속도점 유효
      PID스케줄  참값 3.1s / EKF 5.5s
      LQR스케줄  참값 2.8s / EKF 5.3s
CasADi - 2026-08-31 18:10:31 WARNING("nmpc:nlp_g failed: NaN detected for output g, at (row 173, col 0).") [.../casadi/core/oracle_function.cpp:408]
CasADi - 2026-08-31 18:10:31 WARNING("nmpc:nlp_g failed: NaN detected for output g, at (row 173, col 0).") [.../casadi/core/oracle_function.cpp:408]
        NMPC  참값 37.1s / EKF 33.9s
        INDI  참값 2.7s / EKF 4.7s
      Hybrid  참값 16.3s / EKF 18.7s

         제어기      조건    RMSE z   RMSE vx      최대Δz      저하율z     추정err
  ────────────────────────────────────────────────────────────────────────
      PID스케줄      참값    0.7894    1.1289     1.121                    
      PID스케줄     EKF    0.7672    1.1400     1.064       -3%    0.145m
      LQR스케줄      참값    0.0636    0.1605     0.263                    
      LQR스케줄     EKF    0.0627    0.1588     0.255       -1%    0.146m
        NMPC      참값    0.0918    0.1991     0.315                    
        NMPC     EKF    0.0789    0.1998     0.282      -14%    0.146m
        INDI      참값    0.6406    0.8690     0.937                    
        INDI     EKF    0.6236    0.8786     0.936       -3%    0.145m
      Hybrid      참값    0.0539    0.0148     0.175                    
      Hybrid     EKF    0.0430    0.0376     0.149      -20%    0.146m

===========================================================================
  [종합] 센서 노이즈 영향 요약
===========================================================================

         제어기      참값 z  GPS1.5 z     RTK z     GPS저하     RTK저하
  ────────────────────────────────────────────────────────
      PID스케줄    0.7894    2.8416    0.7672     +260%       -3%
      LQR스케줄    0.0636    0.3052    0.0627     +380%       -1%
        NMPC    0.0918    0.2271    0.0789     +147%      -14%
        INDI    0.6406    4.1875    0.6236     +554%       -3%
      Hybrid    0.0539    0.6390    0.0430    +1086%      -20%

