nohup: ignoring input

========================================================================
  MC 재판정 — 제어기 hybrid / RTK EKF (σ=0.02m) / 10회
  센서: 10Hz, 지연 0ms, 결측 0%
========================================================================

  [ 1/10] z=   2.657  감속=   2.603  max_dz=   6.94  |ω|= 75.90  ωFAIL  [208s]
  [ 2/10] z=   1.946  감속=   2.183  max_dz=   6.82  |ω|= 62.52  ωFAIL  [186s]
  [ 3/10] z=   1.607  감속=   0.184  max_dz=   0.42  |ω|= 77.15  ωFAIL  [167s]
  [ 4/10] z=   1.618  감속=   0.338  max_dz=   0.53  |ω|= 71.67  ωFAIL  [156s]
  [ 5/10] z=   5.284  감속=   3.342  max_dz=  15.73  |ω|= 84.57  ωFAIL  [200s]
  [ 6/10] z=   1.895  감속=   0.934  max_dz=   2.72  |ω|= 76.64  ωFAIL  [191s]
  [ 7/10] z=  16.038  감속=     inf  max_dz=    inf  |ω|= 85.22  ωFAIL  [240s]
  [ 8/10] z=   1.644  감속=   0.361  max_dz=   1.25  |ω|= 64.94  ωFAIL  [162s]
  [ 9/10] z=   3.361  감속=   1.989  max_dz=   6.37  |ω|= 81.62  ωFAIL  [200s]
  [10/10] z=   1.623  감속=   0.340  max_dz=   0.53  |ω|= 77.29  ωFAIL  [156s]

------------------------------------------------------------------------
  요약 [hybrid_ekf]  완주 10/10, 실기판정 FAIL 10/10
  RMSE z    평균 3.767  std 4.236  최소 1.607  최대 16.038
  감속 max_dz  중앙 4.54m  P90 infm  최악 infm
  5m+ 고도이탈 발생률 50%
------------------------------------------------------------------------

  [저장] results/sweep_mc_hybrid_ekf.csv
  총 소요 31.1분

  ScheduledLQR: 9/9 속도점 유효

========================================================================
  MC 재판정 — 제어기 lqr / RTK EKF (σ=0.02m) / 10회
  센서: 10Hz, 지연 0ms, 결측 0%
========================================================================

  [ 1/10] z=   4.453  감속=   2.153  max_dz=   5.56  |ω|=  1.90  ok     [34s]
  [ 2/10] z=   4.423  감속=   2.085  max_dz=   5.39  |ω|=  1.86  ok     [34s]
  [ 3/10] z=   4.468  감속=   2.149  max_dz=   5.55  |ω|=  1.90  ok     [34s]
  [ 4/10] z=   4.455  감속=   2.125  max_dz=   5.49  |ω|=  1.88  ok     [34s]
  [ 5/10] z=   4.436  감속=   2.073  max_dz=   5.36  |ω|=  1.85  ok     [34s]
  [ 6/10] z=   4.427  감속=   2.062  max_dz=   5.34  |ω|=  1.84  ok     [34s]
  [ 7/10] z=   4.432  감속=   2.057  max_dz=   5.32  |ω|=  1.85  ok     [34s]
  [ 8/10] z=   4.412  감속=   2.036  max_dz=   5.27  |ω|=  1.82  ok     [34s]
  [ 9/10] z=   4.448  감속=   2.131  max_dz=   5.50  |ω|=  1.87  ok     [33s]
  [10/10] z=   4.445  감속=   2.146  max_dz=   5.54  |ω|=  1.88  ok     [34s]

------------------------------------------------------------------------
  요약 [lqr_ekf]  완주 10/10, 실기판정 FAIL 0/10
  RMSE z    평균 4.440  std 0.016  최소 4.412  최대 4.468
  감속 max_dz  중앙 5.44m  P90 5.55m  최악 5.56m
  5m+ 고도이탈 발생률 100%
------------------------------------------------------------------------

  [저장] results/sweep_mc_lqr_ekf.csv
  총 소요 5.7분


====================================================================================================
  과제 3 — 센서 조건 격자  (4조건 × 2제어기 = 8런)
  초기조건·돌풍 고정(수직 10m/s @ t=35s), 센서 시드 고정 — 조건 효과만 분리
====================================================================================================

      제어기               조건      전체 z      순항 z      감속 z     감속 dz    추정 pos   |ω|max     결측률     판정
  --------------------------------------------------------------------------------------------------
  ScheduledLQR: 9/9 속도점 유효
      lqr         참값(센서없음)     4.437     0.262     2.099      5.43         -     1.86       -     ok
      lqr           RTK 기준     4.429     0.259     2.095      5.42     0.060     1.85   0.000     ok
      lqr         지연 100ms     4.698     0.260     2.170      5.61     3.949     2.37   0.000     ok
      lqr           결측 20%     4.433     0.259     2.094      5.42     0.061     1.86   0.200     ok
      lqr       일반GPS 1.5m     4.540     0.227     1.920      5.02     0.446     1.98   0.000     ok
   hybrid         참값(센서없음)     1.633     0.034     0.597      2.52         -    62.08       -   FAIL
   hybrid           RTK 기준     1.727     0.116     1.314      3.93     0.064    71.68   0.000  ωFAIL
   hybrid         지연 100ms     3.970     5.968     4.927     18.51     4.398   102.06   0.000  ωFAIL
   hybrid           결측 20%     3.482     6.389     0.734      3.59     0.064    79.89   0.200  ωFAIL
   hybrid       일반GPS 1.5m     1.749     0.742     0.231      0.67     0.455    58.24   0.000  ωFAIL

------------------------------------------------------------------------
  조건별 제어기 순위 (RMSE z 기준, 낮을수록 좋음)
------------------------------------------------------------------------
                조건        lqr     hybrid   승자
                참값      4.437      1.633   hybrid
            RTK 기준      4.429      1.727   hybrid
          지연 100ms      4.698      3.970   hybrid
            결측 20%      4.433      3.482   hybrid
        일반GPS 1.5m      4.540      1.749   hybrid
------------------------------------------------------------------------

  [저장] results/sweep_grid_quick.csv
  총 소요 17.2분

